main.c:1047:6:fft_bit_reduct	56	static
main.c:1137:7:fft_exp2f	24	static
main.c:1152:7:fft_modff	16	static
main.c:1166:5:fft_convert	48	static
main.c:1193:6:fft_float2fract	24	static
main.c:1208:6:fft_pin_down	32	static
main.c:1227:6:fft_init	16	static
main.c:1250:6:fft_main	8	static
main.c:1293:5:main	112	static
main.c:1395:6:SystemClock_Config	128	static
main.c:1441:13:MX_TIM2_Init	40	static
main.c:1486:13:MX_USART1_UART_Init	8	static
main.c:1521:13:MX_GPIO_Init	16	static
main.c:1531:6:HAL_TIM_PeriodElapsedCallback	16	static
main.c:1545:6:Error_Handler	4	static,ignoring_inline_asm
