main.c:444:9:my_abs	24	static
main.c:457:9:my_fabs	24	static
main.c:469:9:my_sin	32	static
main.c:514:9:encode	136	static
main.c:666:6:decode	112	static
main.c:806:6:reset	16	static
main.c:846:9:filtez	40	static
main.c:864:9:filtep	48	static
main.c:878:9:quantl	48	static
main.c:912:9:logscl	40	static
main.c:927:9:scalel	32	static
main.c:942:6:upzero	48	static
main.c:973:9:uppol2	72	static
main.c:1000:9:uppol1	64	static
main.c:1030:9:logsch	40	static
main.c:1152:5:main	112	static
main.c:1247:6:SystemClock_Config	128	static
main.c:1293:13:MX_TIM2_Init	40	static
main.c:1338:13:MX_USART1_UART_Init	8	static
main.c:1373:13:MX_GPIO_Init	24	static
main.c:1391:6:Error_Handler	4	static,ignoring_inline_asm
