main.c:47:7:susan_expf	24	static
main.c:65:7:susan_sqrtf	40	static
main.c:123:5:susan_getint	10024	static
main.c:156:6:susan_get_image	128	static
main.c:186:6:susan_put_image	24	static
main.c:194:6:susan_int_to_uchar	40	static
main.c:219:6:susan_setup_brightness_lut	32	static
main.c:238:6:susan_principle	48	static
main.c:311:6:susan_principle_small	48	static
main.c:348:7:susan_median	72	static
main.c:379:6:susan_enlarge	32	static
main.c:418:6:susan_smoothing	128	static
main.c:563:6:susan_edge_draw	40	static
main.c:603:6:susan_thin	152	static
main.c:905:6:susan_edges	88	static
main.c:1316:6:susan_edges_small	88	static
main.c:1501:6:susan_corner_draw	32	static
main.c:1534:6:susan_corners	88	static
main.c:1895:6:susan_corners_quick	56	static
main.c:2152:6:susan_call_susan	24064	static
main.c:2231:6:susan_init	16	static
main.c:2272:6:susan_main	8	static
main.c:2282:5:susan_return	4	static
main.c:2334:5:main	112	static
main.c:2445:6:SystemClock_Config	128	static
main.c:2491:13:MX_TIM2_Init	40	static
main.c:2536:13:MX_USART1_UART_Init	8	static
main.c:2571:13:MX_GPIO_Init	16	static
main.c:2581:6:HAL_TIM_PeriodElapsedCallback	16	static
main.c:2595:6:Error_Handler	4	static,ignoring_inline_asm
