susan.c:281:7:susan_expf	24	static
susan.c:298:7:susan_sqrtf	40	static
susan.c:353:5:susan_getint	10024	static
susan.c:385:6:susan_get_image	128	static
susan.c:415:6:susan_put_image	24	static
susan.c:424:6:susan_int_to_uchar	40	static
susan.c:452:6:susan_setup_brightness_lut	32	static
susan.c:472:6:susan_principle	48	static
susan.c:545:6:susan_principle_small	48	static
susan.c:582:7:susan_median	72	static
susan.c:612:6:susan_enlarge	32	static
susan.c:651:6:susan_smoothing	128	static
susan.c:796:6:susan_edge_draw	40	static
susan.c:836:6:susan_thin	152	static
susan.c:1137:6:susan_edges	88	static
susan.c:1548:6:susan_edges_small	88	static
susan.c:1731:6:susan_corner_draw	32	static
susan.c:1762:6:susan_corners	88	static
susan.c:2123:6:susan_corners_quick	56	static
susan.c:2378:6:susan_call_susan	360064	static
susan.c:2456:6:susan_init	16	static
susan.c:2497:30:susan_main	8	static
susan.c:2507:5:susan_return	4	static
susan.c:2512:5:main	8	static
